[LOG] Attempting to connect to server...
[LOG] Connected to server successfully!
Enter username: Enter password: 
[LOG] Waiting for server authentication...
Server: Welcome to MyDiscord! You are now connected.
Server: LOGIN_SUCCESS

[SYSTEM] Successfully logged in. You're now in #general channel.

=== MyDiscord Command Help ===
/help           - Display this help message
/channel <name> - Switch to specified channel
/list           - List available channels
/users          - List users in current channel
/msg <user>     - Send private message to user
/quit           - Exit the application
Any other text will be sent as a message
==============================


Chat started. Type messages or commands (start with /)...
[testuser:#general]> [SYSTEM] Requesting channel list...
[testuser:#general]> Server: [SYSTEM] Available channels:
  #general (public)
  #random (public)

[SYSTEM] Attempting to switch to channel: #random
[SYSTEM] Switched to #random channel
[testuser:#random]> Server: [SYSTEM] You've joined #random
Server: [12:11:01] Unknown: [SYSTEM] testuser has joined #random
[testuser:#random]> Server: [12:11:02] You: Hello from the random channel!
[SYSTEM] Requesting user list for #random...
[testuser:#random]> Server: [SYSTEM] Users in #random:
  testuser

Server disconnected
